// Jest Snapshot v1, https://goo.gl/fbAQLP

exports[`TestCardActions 1`] = `
<div>
  <span
    class="ant-dropdown-trigger ant-dropdown-link"
    data-cy="test-actions-button-2309ei30"
  >
    <span
      aria-label="more"
      class="anticon anticon-more sc-iCfMLu"
      role="img"
      style="font-size: 24px; color: rgb(154, 163, 171); cursor: pointer;"
    >
      <svg
        aria-hidden="true"
        data-icon="more"
        fill="currentColor"
        focusable="false"
        height="1em"
        viewBox="64 64 896 896"
        width="1em"
      >
        <path
          d="M456 231a56 56 0 10112 0 56 56 0 10-112 0zm0 280a56 56 0 10112 0 56 56 0 10-112 0zm0 280a56 56 0 10112 0 56 56 0 10-112 0z"
        />
      </svg>
    </span>
  </span>
</div>
`;
