// Jest Snapshot v1, https://goo.gl/fbAQLP

exports[`Router 1`] = `
<div>
  <header
    class="ant-layout-header sc-gsDKAQ fqXdzP"
  >
    <a
      href="/"
    >
      <h2
        class="ant-typography sc-dkPtRN jStClu"
      >
        <img
          alt="tracetest_log"
          data-cy="logo"
          src="Logo.svg"
        />
      </h2>
    </a>
    <ul
      class="ant-menu ant-menu-root ant-menu-horizontal ant-menu-light sc-hKwDye gtboAf"
      data-menu-list="true"
      role="menu"
      tabindex="0"
    >
      <li
        class="ant-menu-item ant-menu-item-only-child"
        data-menu-id="rc-menu-uuid-test-github"
        role="menuitem"
        tabindex="-1"
      >
        <span
          class="ant-menu-title-content"
        >
          <a
            data-cy="github-link"
            href="https://github.com/kubeshop/tracetest"
            target="_blank"
          >
            GitHub
          </a>
        </span>
      </li>
      <li
        class="ant-menu-item ant-menu-item-only-child"
        data-menu-id="rc-menu-uuid-test-docs"
        role="menuitem"
        tabindex="-1"
      >
        <span
          class="ant-menu-title-content"
        >
          <a
            data-cy="documentation-link"
            href="https://kubeshop.github.io/tracetest/"
            target="_blank"
          >
            Documentation
          </a>
        </span>
      </li>
      <li
        class="ant-menu-submenu ant-menu-submenu-horizontal"
        role="none"
      >
        <div
          aria-controls="rc-menu-uuid-test-SubMenu-popup"
          aria-expanded="false"
          aria-haspopup="true"
          class="ant-menu-submenu-title"
          data-menu-id="rc-menu-uuid-test-SubMenu"
          role="menuitem"
          tabindex="-1"
        >
          <span
            class="ant-menu-title-content"
          >
            <span
              aria-label="question-circle"
              class="anticon anticon-question-circle"
              data-cy="onboarding-link"
              role="img"
              style="color: rgb(97, 23, 94); font-size: 16px;"
            >
              <svg
                aria-hidden="true"
                data-icon="question-circle"
                fill="currentColor"
                focusable="false"
                height="1em"
                viewBox="64 64 896 896"
                width="1em"
              >
                <path
                  d="M512 64C264.6 64 64 264.6 64 512s200.6 448 448 448 448-200.6 448-448S759.4 64 512 64zm0 820c-205.4 0-372-166.6-372-372s166.6-372 372-372 372 166.6 372 372-166.6 372-372 372z"
                />
                <path
                  d="M623.6 316.7C593.6 290.4 554 276 512 276s-81.6 14.5-111.6 40.7C369.2 344 352 380.7 352 420v7.6c0 4.4 3.6 8 8 8h48c4.4 0 8-3.6 8-8V420c0-44.1 43.1-80 96-80s96 35.9 96 80c0 31.1-22 59.6-56.1 72.7-21.2 8.1-39.2 22.3-52.1 40.9-13.1 19-19.9 41.8-19.9 64.9V620c0 4.4 3.6 8 8 8h48c4.4 0 8-3.6 8-8v-22.7a48.3 48.3 0 0130.9-44.8c59-22.7 97.1-74.7 97.1-132.5.1-39.3-17.1-76-48.3-103.3zM472 732a40 40 0 1080 0 40 40 0 10-80 0z"
                />
              </svg>
            </span>
          </span>
          <i
            class="ant-menu-submenu-arrow"
          />
        </div>
      </li>
    </ul>
    <div
      aria-hidden="true"
      style="display: none;"
    />
  </header>
  <main
    class="ant-layout-content sc-bdvvtL cVXBSg"
  >
    <div
      class="sc-llYSUQ jPRqiW"
    >
      <h4
        class="ant-typography sc-cxpSdN bbcJQg"
      >
        All Tests
      </h4>
      <div
        class="sc-iwjdpV NicDQ"
      >
        <span
          class="ant-input-affix-wrapper sc-gWXbKe kPVVws"
        >
          <span
            class="ant-input-prefix"
          >
            <span
              aria-label="search"
              class="anticon anticon-search"
              role="img"
              style="color: rgba(3, 24, 73, 0.4);"
            >
              <svg
                aria-hidden="true"
                data-icon="search"
                fill="currentColor"
                focusable="false"
                height="1em"
                viewBox="64 64 896 896"
                width="1em"
              >
                <path
                  d="M909.6 854.5L649.9 594.8C690.2 542.7 712 479 712 412c0-80.2-31.3-155.4-87.9-212.1-56.6-56.7-132-87.9-212.1-87.9s-155.5 31.3-212.1 87.9C143.2 256.5 112 331.8 112 412c0 80.1 31.3 155.5 87.9 212.1C256.5 680.8 331.8 712 412 712c67 0 130.6-21.8 182.7-62l259.7 259.6a8.2 8.2 0 0011.6 0l43.6-43.5a8.2 8.2 0 000-11.6zM570.4 570.4C528 612.7 471.8 636 412 636s-116-23.3-158.4-65.6C211.3 528 188 471.8 188 412s23.3-116.1 65.6-158.4C296 211.3 352.2 188 412 188s116.1 23.2 158.4 65.6S636 352.2 636 412s-23.3 116.1-65.6 158.4z"
                />
              </svg>
            </span>
          </span>
          <input
            class="ant-input"
            height="32px"
            placeholder="Search test (Not implemented yet)"
            type="text"
            value=""
            width="270px"
          />
        </span>
        <div
          class="sc-iJKOTD bLqiN"
        >
          <button
            class="ant-btn ant-btn-primary sc-bBHxTw"
            data-cy="create-test-button"
            data-tour="home_create_test"
            type="button"
          >
            <span>
              Create Test
            </span>
          </button>
        </div>
      </div>
      <div
        class="sc-kLwhqv kFBBsa"
        data-cy="test-list"
      />
    </div>
    <div
      class="sc-ikJyIC exAstU"
    />
  </main>
</div>
`;
