// Jest Snapshot v1, https://goo.gl/fbAQLP

exports[`SpanAttributesTable 1`] = `
<div>
  <div
    class="sc-dkPtRN giofdF"
  >
    <div
      class="sc-iCfMLu fxGWsx"
    >
      <span
        aria-label="left"
        class="anticon anticon-left sc-gKclnd dGddRj"
        data-cy="test-header-back-button"
        role="img"
        tabindex="-1"
      >
        <svg
          aria-hidden="true"
          data-icon="left"
          fill="currentColor"
          focusable="false"
          height="1em"
          viewBox="64 64 896 896"
          width="1em"
        >
          <path
            d="M724 218.3V141c0-6.7-7.7-10.4-12.9-6.3L260.3 486.8a31.86 31.86 0 000 50.3l450.8 352.1c5.3 4.1 12.9.4 12.9-6.3v-77.3c0-4.9-2.3-9.6-6.1-12.6l-360-281 360-281.1c3.8-3 6.1-7.7 6.1-12.6z"
          />
        </svg>
      </span>
      <h4
        class="ant-typography sc-hKwDye gXTdui"
        data-cy="test-details-name"
      >
        
      </h4>
      <span
        class="ant-typography ant-typography-secondary sc-eCImPb bTklbz"
      >
        GET
         - 
        
      </span>
    </div>
    <div
      class="sc-furwcr kLOQYj"
      data-cy="test-run-result-status"
    >
      <span
        class="ant-typography sc-jRQBWg LTTZG"
      >
        Test status:
      </span>
      <div
        class="sc-bdvvtL hICooe"
      >
        <span
          class="ant-badge ant-badge-status ant-badge-not-a-wrapper"
        >
          <span
            class="ant-badge-status-dot ant-badge-status-default"
          />
          <span
            class="ant-badge-status-text"
          >
            Created
          </span>
        </span>
      </div>
    </div>
  </div>
</div>
`;
