// Jest Snapshot v1, https://goo.gl/fbAQLP

exports[`CreateTestModal 1`] = `
<div>
  <div
    class="sc-bdvvtL gmMIqV"
  />
</div>
`;
