// Jest Snapshot v1, https://goo.gl/fbAQLP

exports[`FailedTrace 1`] = `
<div>
  <div
    class="sc-bdvvtL mLXGX"
  >
    <div
      class="sc-gsDKAQ hUQIyF"
    >
      <span
        aria-label="close-circle"
        class="anticon anticon-close-circle sc-dkPtRN ikUQFp"
        role="img"
        style="color: rgb(232, 71, 73); font-size: 32px;"
      >
        <svg
          aria-hidden="true"
          data-icon="close-circle"
          fill="currentColor"
          focusable="false"
          height="1em"
          viewBox="64 64 896 896"
          width="1em"
        >
          <path
            d="M512 64C264.6 64 64 264.6 64 512s200.6 448 448 448 448-200.6 448-448S759.4 64 512 64zm165.4 618.2l-66-.3L512 563.4l-99.3 118.4-66.1.3c-4.4 0-8-3.5-8-8 0-1.9.7-3.7 1.9-5.2l130.1-155L340.5 359a8.32 8.32 0 01-1.9-5.2c0-4.4 3.6-8 8-8l66.1.3L512 464.6l99.3-118.4 66-.3c4.4 0 8 3.5 8 8 0 1.9-.7 3.7-1.9 5.2L553.5 514l130 155c1.2 1.5 1.9 3.3 1.9 5.2 0 4.4-3.6 8-8 8z"
          />
        </svg>
      </span>
      <div
        class="sc-gsDKAQ sc-hKwDye hUQIyF ctlTiW"
      >
        <h3
          class="ant-typography"
        >
          Test Run Failed
        </h3>
        <span
          class="ant-typography ant-typography-secondary"
        >
          Information explaining the state the test failed at.
        </span>
        <span
          class="ant-typography ant-typography-secondary"
        >
          Please let us know about this issue - 
          <a
            href="https://github.com/kubeshop/tracetest/issues/new/choose"
          >
            create an issue
          </a>
           or contact us via
           
          <a
            href="https://discord.gg/6zupCZFQbe"
          >
            Discord
          </a>
          .
        </span>
        <span
          class="ant-typography ant-typography-secondary"
        >
          We will check it out and respond to you.
        </span>
      </div>
      <div
        class="sc-eCImPb hBTGvO"
      >
        <button
          class="ant-btn ant-btn-primary ant-btn-background-ghost"
          type="button"
        >
          <span>
            Edit Test
          </span>
        </button>
        <button
          class="ant-btn ant-btn-primary ant-btn-background-ghost"
          type="button"
        >
          <span>
            Rerun Test
          </span>
        </button>
      </div>
    </div>
  </div>
</div>
`;
